error[E0412]: cannot find type `double` in this scope
  --> $DIR/recommend-literal.rs:1:13
   |
LL | type Real = double;
   |             ^^^^^^
   |             |
   |             not found in this scope
   |             help: try using a Rust type instead: `f64`

error[E0412]: cannot find type `long` in this scope
  --> $DIR/recommend-literal.rs:7:12
   |
LL |     let y: long = 74802374902374923;
   |            ^^^^
   |            |
   |            not found in this scope
   |            help: try using a Rust type instead: `i64`

error[E0412]: cannot find type `boolean` in this scope
  --> $DIR/recommend-literal.rs:12:9
   |
LL | fn z(a: boolean) {
   |         ^^^^^^^
   |         |
   |         not found in this scope
   |         help: try using a Rust type instead: `bool`

error[E0412]: cannot find type `byte` in this scope
  --> $DIR/recommend-literal.rs:17:11
   |
LL | fn a() -> byte {
   |           ^^^^
   |           |
   |           not found in this scope
   |           help: try using a Rust type instead: `u8`

error[E0412]: cannot find type `float` in this scope
  --> $DIR/recommend-literal.rs:24:12
   |
LL |     width: float,
   |            ^^^^^
   |            |
   |            not found in this scope
   |            help: try using a Rust type instead: `f32`

error[E0412]: cannot find type `int` in this scope
  --> $DIR/recommend-literal.rs:27:19
   |
LL |     depth: Option<int>,
   |                   ^^^ not found in this scope
   |
help: try using a Rust type instead
   |
LL |     depth: Option<i32>,
   |                   ^^^
help: you might be missing a type parameter
   |
LL | struct Data<int> {
   |            ^^^^^

error[E0412]: cannot find type `short` in this scope
  --> $DIR/recommend-literal.rs:33:16
   |
LL | impl Stuff for short {}
   |                ^^^^^
   |                |
   |                not found in this scope
   |                help: try using a Rust type instead: `i16`

error: aborting due to 7 previous errors

For more information about this error, try `rustc --explain E0412`.
